
Running 1 test using 1 worker


≡ƒöì DEBUG: Console listener attached

≡ƒæñ Logging in...
[CONSOLE] Failed to load resource: the server responded with a status of 404 (Not Found)
[CONSOLE] Failed to load resource: the server responded with a status of 404 (Not Found)
[CONSOLE] [DOM] Input elements should have autocomplete attributes (suggested: "current-password"): (More info: https://goo.gl/9p2vKq) %o
Γ£à Logged in

[CONSOLE] %cPixiJS Deprecation Warning: %c%s color:#614108;background:#fffbe6 font-weight:normal;color:#614108;background:#fffbe6 Setting interactive is deprecated, use eventMode = 'none'/'passive'/'auto'/'static'/'dynamic' instead.
Deprecated since v7.2.0
[CONSOLE] console.groupEnd
≡ƒôè Console logs so far: 5
≡ƒôè [live] logs so far: 0

≡ƒû▒∩╕Å Clicking Go Live (Audio) button...
Γ£à Click executed


≡ƒôè FINAL RESULTS:
  Total console logs: 5
  [live] logs: 0

Γ¥î NO [live] LOGS - startLive() not called or not logging

All console messages:
  [0] Failed to load resource: the server responded with a status of 404 (Not Found)
  [1] Failed to load resource: the server responded with a status of 404 (Not Found)
  [2] [DOM] Input elements should have autocomplete attributes (suggested: "current-password"): (More info: https://goo.gl/9p2vKq) %o
  [3] %cPixiJS Deprecation Warning: %c%s color:#614108;background:#fffbe6 font-weight:normal;color:#614108;background:#fffbe6 Setting interactive is deprecated, use eventMode = 'none'/'passive'/'auto'/'static'/'dynamic' instead.
Deprecated since v7.2.0
  [4] console.groupEnd
  Γ£ô  1 [chromium] ΓÇ║ tests\debug-console.spec.js:3:5 ΓÇ║ Debug: Capture Console from Start (11.8s)

  1 passed (13.6s)
